BL51 BANKED LINKER/LOCATER V6.22                                                        04/14/2018  23:26:32  PAGE 1


BL51 BANKED LINKER/LOCATER V6.22, INVOKED BY:
F:\KEIL_V5\C51\BIN\BL51.EXE .\Objects\main.obj, .\Objects\dht11.obj, .\Objects\Delay.obj TO .\Objects\Test PRINT (.\List
>> ings\Test.m51) RAMSIZE (256)


MEMORY MODEL: SMALL


INPUT MODULES INCLUDED:
  .\Objects\main.obj (MAIN)
  .\Objects\dht11.obj (DHT11)
  .\Objects\Delay.obj (DELAY)
  F:\KEIL_V5\C51\LIB\C51S.LIB (?C_STARTUP)
  F:\KEIL_V5\C51\LIB\C51S.LIB (?C?CSTPTR)
  F:\KEIL_V5\C51\LIB\C51S.LIB (?C?CSTOPTR)
  F:\KEIL_V5\C51\LIB\C51S.LIB (?C?SIDIV)
  F:\KEIL_V5\C51\LIB\C51S.LIB (?C?LLDIIDATA)
  F:\KEIL_V5\C51\LIB\C51S.LIB (?C?UIDIV)


LINK MAP OF MODULE:  .\Objects\Test (MAIN)


            TYPE    BASE      LENGTH    RELOCATION   SEGMENT NAME
            -----------------------------------------------------

            * * * * * * *   D A T A   M E M O R Y   * * * * * * *
            REG     0000H     0008H     ABSOLUTE     "REG BANK 0"
            DATA    0008H     0011H     UNIT         ?DT?MAIN
            DATA    0019H     000FH     UNIT         _DATA_GROUP_
            IDATA   0028H     0001H     UNIT         ?STACK

            * * * * * * *   C O D E   M E M O R Y   * * * * * * *
            CODE    0000H     0003H     ABSOLUTE     
            CODE    0003H     01C9H     UNIT         ?PR?MAIN?MAIN
            CODE    01CCH     00DFH     UNIT         ?C?LIB_CODE
            CODE    02ABH     0081H     UNIT         ?PR?_DHT11_READ_DATA?DHT11
            CODE    032CH     003FH     UNIT         ?PR?DHT11_CHECK?DHT11
            CODE    036BH     0034H     UNIT         ?PR?DHT11_READ_BIT?DHT11
            CODE    039FH     001DH     UNIT         ?PR?DHT11_READ_BYTE?DHT11
            CODE    03BCH     0014H     UNIT         ?PR?_DELAY_MS?DELAY
            CODE    03D0H     0012H     UNIT         ?PR?DHT11_RST?DHT11
            CODE    03E2H     0010H     UNIT         ?CO?MAIN
            CODE    03F2H     0010H     UNIT         ?PR?_DELAY_US?DELAY
            CODE    0402H     000CH     UNIT         ?PR?DELAY1MS?DELAY
            CODE    040EH     000CH     UNIT         ?C_C51STARTUP
            CODE    041AH     0009H     UNIT         ?PR?DHT11_INIT?DHT11
            CODE    0423H     0005H     UNIT         ?PR?DELAY40US?DELAY
            CODE    0428H     0004H     UNIT         ?PR?DELAY1US?DELAY



OVERLAY MAP OF MODULE:   .\Objects\Test (MAIN)


SEGMENT                              DATA_GROUP 
  +--> CALLED SEGMENT              START    LENGTH
--------------------------------------------------
BL51 BANKED LINKER/LOCATER V6.22                                                      04/14/2018  23:26:32  PAGE 2


?C_C51STARTUP                      -----    -----
  +--> ?PR?MAIN?MAIN

?PR?MAIN?MAIN                      -----    -----
  +--> ?PR?_DHT11_READ_DATA?DHT11
  +--> ?CO?MAIN
  +--> ?PR?_DELAY_MS?DELAY
  +--> ?PR?DELAY1MS?DELAY

?PR?_DHT11_READ_DATA?DHT11         0019H    000CH
  +--> ?PR?DHT11_RST?DHT11
  +--> ?PR?DHT11_CHECK?DHT11
  +--> ?PR?DHT11_READ_BYTE?DHT11

?PR?DHT11_RST?DHT11                -----    -----
  +--> ?PR?_DELAY_MS?DELAY
  +--> ?PR?_DELAY_US?DELAY

?PR?_DELAY_MS?DELAY                -----    -----
  +--> ?PR?DELAY1MS?DELAY

?PR?_DELAY_US?DELAY                -----    -----
  +--> ?PR?DELAY1US?DELAY

?PR?DHT11_CHECK?DHT11              0025H    0001H
  +--> ?PR?DELAY1US?DELAY

?PR?DHT11_READ_BYTE?DHT11          0025H    0002H
  +--> ?PR?DHT11_READ_BIT?DHT11

?PR?DHT11_READ_BIT?DHT11           0027H    0001H
  +--> ?PR?DELAY1US?DELAY
  +--> ?PR?DELAY40US?DELAY



SYMBOL TABLE OF MODULE:  .\Objects\Test (MAIN)

  VALUE           TYPE          NAME
  ----------------------------------

  -------         MODULE        MAIN
  C:0000H         SYMBOL        _ICE_DUMMY_
  D:0092H         PUBLIC        P1M0
  D:0093H         PUBLIC        P0M1
  D:0096H         PUBLIC        P2M0
  D:0091H         PUBLIC        P1M1
  D:0080H         PUBLIC        P0
  D:00B2H         PUBLIC        P3M0
  D:0095H         PUBLIC        P2M1
  D:0090H         PUBLIC        P1
  D:00B4H         PUBLIC        P4M0
  D:00B1H         PUBLIC        P3M1
  D:00A0H         PUBLIC        P2
  D:00CAH         PUBLIC        P5M0
  D:00B3H         PUBLIC        P4M1
  D:00B0H         PUBLIC        P3
BL51 BANKED LINKER/LOCATER V6.22                                                      04/14/2018  23:26:32  PAGE 3


  D:00CCH         PUBLIC        P6M0
  D:00C9H         PUBLIC        P5M1
  D:00C0H         PUBLIC        P4
  D:00E2H         PUBLIC        P7M0
  D:00CBH         PUBLIC        P6M1
  D:00C8H         PUBLIC        P5
  D:00E1H         PUBLIC        P7M1
  D:00E8H         PUBLIC        P6
  D:00F8H         PUBLIC        P7
  D:00A8H         PUBLIC        IE
  D:00B8H         PUBLIC        IP
  D:0008H         PUBLIC        flag
  D:00D8H         PUBLIC        CCON
  C:0003H         PUBLIC        main
  C:03E2H         PUBLIC        Num
  B:00A0H.0       PUBLIC        P20
  B:00A0H.1       PUBLIC        P21
  D:0098H         PUBLIC        SCON
  B:00A0H.2       PUBLIC        P22
  D:0009H         PUBLIC        humi
  D:0088H         PUBLIC        TCON
  B:00A0H.3       PUBLIC        P23
  B:00A0H.4       PUBLIC        P24
  D:000BH         PUBLIC        temp
  D:000DH         PUBLIC        i
  D:0011H         PUBLIC        m
  D:0013H         PUBLIC        n
  D:0015H         PUBLIC        p
  D:0017H         PUBLIC        q
  D:00D0H         PUBLIC        PSW
  D:0094H         PUBLIC        P0M0
  -------         PROC          MAIN
  C:0003H         LINE#         14
  C:0003H         LINE#         15
  C:0003H         LINE#         16
  C:0008H         LINE#         17
  C:000DH         LINE#         18
  C:0012H         LINE#         19
  C:0016H         LINE#         20
  C:001AH         LINE#         21
  C:001EH         LINE#         22
  C:0022H         LINE#         23
  C:0026H         LINE#         25
  C:0026H         LINE#         26
  C:0026H         LINE#         27
  C:003AH         LINE#         28
  C:003EH         LINE#         29
  C:003EH         LINE#         30
  C:0051H         LINE#         31
  C:0060H         LINE#         32
  C:006FH         LINE#         33
  C:0079H         LINE#         35
  C:0086H         LINE#         36
  C:0086H         LINE#         37
  C:0088H         LINE#         38
  C:008AH         LINE#         39
  C:008CH         LINE#         41
BL51 BANKED LINKER/LOCATER V6.22                                                      04/14/2018  23:26:32  PAGE 4


  C:0099H         LINE#         42
  C:0099H         LINE#         43
  C:009BH         LINE#         44
  C:00A3H         LINE#         45
  C:00AAH         LINE#         46
  C:00ACH         LINE#         47
  C:00AEH         LINE#         48
  C:00BFH         LINE#         49
  C:00C2H         LINE#         50
  C:00C4H         LINE#         51
  C:00C6H         LINE#         52
  C:00D9H         LINE#         53
  C:00E0H         LINE#         54
  C:00E2H         LINE#         55
  C:00E4H         LINE#         56
  C:00F5H         LINE#         57
  C:00FCH         LINE#         58
  C:00FEH         LINE#         59
  C:0100H         LINE#         61
  C:0113H         LINE#         62
  C:0122H         LINE#         63
  C:0133H         LINE#         64
  C:0142H         LINE#         65
  C:014CH         LINE#         66
  C:015CH         LINE#         67
  C:015CH         LINE#         68
  C:015EH         LINE#         69
  C:016FH         LINE#         70
  C:0172H         LINE#         71
  C:0174H         LINE#         72
  C:0176H         LINE#         73
  C:0189H         LINE#         74
  C:0190H         LINE#         75
  C:0192H         LINE#         76
  C:0194H         LINE#         77
  C:01A5H         LINE#         78
  C:01ACH         LINE#         79
  C:01AEH         LINE#         80
  C:01B0H         LINE#         81
  C:01C1H         LINE#         82
  C:01C8H         LINE#         83
  C:01CAH         LINE#         84
  -------         ENDPROC       MAIN
  -------         ENDMOD        MAIN

  -------         MODULE        DHT11
  C:0000H         SYMBOL        _ICE_DUMMY_
  C:02ABH         PUBLIC        _DHT11_Read_Data
  D:0080H         PUBLIC        P0
  D:0090H         PUBLIC        P1
  D:00A0H         PUBLIC        P2
  D:00B0H         PUBLIC        P3
  D:00C0H         PUBLIC        P4
  C:032CH         PUBLIC        DHT11_Check
  D:00C8H         PUBLIC        P5
  D:00E8H         PUBLIC        P6
  D:00F8H         PUBLIC        P7
BL51 BANKED LINKER/LOCATER V6.22                                                      04/14/2018  23:26:32  PAGE 5


  D:00A8H         PUBLIC        IE
  C:039FH         PUBLIC        DHT11_Read_Byte
  D:00B8H         PUBLIC        IP
  C:036BH         PUBLIC        DHT11_Read_Bit
  D:00D8H         PUBLIC        CCON
  D:0098H         PUBLIC        SCON
  D:0088H         PUBLIC        TCON
  C:041AH         PUBLIC        DHT11_Init
  B:0080H.0       PUBLIC        DHTDAT
  C:03D0H         PUBLIC        DHT11_Rst
  D:00D0H         PUBLIC        PSW
  -------         PROC          DHT11_RST
  C:03D0H         LINE#         9
  C:03D0H         LINE#         10
  C:03D0H         LINE#         11
  C:03D2H         LINE#         12
  C:03D9H         LINE#         13
  C:03DBH         LINE#         14
  -------         ENDPROC       DHT11_RST
  -------         PROC          DHT11_CHECK
  -------         DO            
  D:0025H         SYMBOL        retry
  -------         ENDDO         
  C:032CH         LINE#         22
  C:032CH         LINE#         23
  C:032CH         LINE#         24
  C:032FH         LINE#         25
  C:0339H         LINE#         26
  C:0339H         LINE#         27
  C:033BH         LINE#         28
  C:033EH         LINE#         29
  C:0340H         LINE#         30
  C:034AH         LINE#         31
  C:034DH         LINE#         32
  C:0357H         LINE#         33
  C:0357H         LINE#         34
  C:0359H         LINE#         35
  C:035CH         LINE#         36
  C:035EH         LINE#         37
  C:0368H         LINE#         38
  C:036AH         LINE#         39
  -------         ENDPROC       DHT11_CHECK
  -------         PROC          DHT11_READ_BIT
  -------         DO            
  D:0027H         SYMBOL        retry
  -------         ENDDO         
  C:036BH         LINE#         47
  C:036BH         LINE#         48
  C:036BH         LINE#         49
  C:036EH         LINE#         50
  C:0378H         LINE#         51
  C:0378H         LINE#         52
  C:037AH         LINE#         53
  C:037DH         LINE#         54
  C:037FH         LINE#         55
  C:0382H         LINE#         56
  C:038CH         LINE#         57
BL51 BANKED LINKER/LOCATER V6.22                                                      04/14/2018  23:26:32  PAGE 6


  C:038CH         LINE#         58
  C:038EH         LINE#         59
  C:0391H         LINE#         60
  C:0393H         LINE#         61
  C:0396H         LINE#         62
  C:039CH         LINE#         63
  C:039EH         LINE#         64
  -------         ENDPROC       DHT11_READ_BIT
  -------         PROC          DHT11_READ_BYTE
  -------         DO            
  D:0025H         SYMBOL        i
  D:0026H         SYMBOL        dat
  -------         ENDDO         
  C:039FH         LINE#         71
  C:039FH         LINE#         72
  C:039FH         LINE#         74
  C:03A2H         LINE#         75
  C:03A4H         LINE#         76
  C:03A4H         LINE#         77
  C:03AAH         LINE#         78
  C:03B0H         LINE#         79
  C:03B9H         LINE#         80
  C:03BBH         LINE#         81
  -------         ENDPROC       DHT11_READ_BYTE
  -------         PROC          _DHT11_READ_DATA
  D:0019H         SYMBOL        temp
  D:001CH         SYMBOL        humi
  -------         DO            
  D:001FH         SYMBOL        buf
  D:0024H         SYMBOL        i
  -------         ENDDO         
  C:02ABH         LINE#         89
  C:02B1H         LINE#         90
  C:02B1H         LINE#         93
  C:02B4H         LINE#         94
  C:02BAH         LINE#         95
  C:02BAH         LINE#         96
  C:02BCH         LINE#         97
  C:02BCH         LINE#         98
  C:02C6H         LINE#         99
  C:02CFH         LINE#         100
  C:02EFH         LINE#         101
  C:02EFH         LINE#         102
  C:02FAH         LINE#         103
  C:0308H         LINE#         104
  C:0313H         LINE#         105
  C:0321H         LINE#         106
  C:0323H         LINE#         107
  C:0326H         LINE#         108
  C:0329H         LINE#         109
  C:032BH         LINE#         110
  -------         ENDPROC       _DHT11_READ_DATA
  -------         PROC          DHT11_INIT
  C:041AH         LINE#         117
  C:041AH         LINE#         118
  C:041AH         LINE#         119
  C:041CH         LINE#         120
BL51 BANKED LINKER/LOCATER V6.22                                                      04/14/2018  23:26:32  PAGE 7


  C:041FH         LINE#         121
  C:0422H         LINE#         122
  -------         ENDPROC       DHT11_INIT
  -------         ENDMOD        DHT11

  -------         MODULE        DELAY
  C:0000H         SYMBOL        _ICE_DUMMY_
  C:0402H         PUBLIC        Delay1ms
  C:0428H         PUBLIC        Delay1us
  C:0423H         PUBLIC        Delay40us
  C:03BCH         PUBLIC        _delay_ms
  C:03F2H         PUBLIC        _delay_us
  -------         PROC          DELAY1US
  C:0428H         LINE#         3
  C:0428H         LINE#         4
  C:0428H         LINE#         5
  C:0429H         LINE#         6
  C:042AH         LINE#         7
  C:042BH         LINE#         8
  -------         ENDPROC       DELAY1US
  -------         PROC          DELAY1MS
  -------         DO            
  D:0007H         SYMBOL        i
  D:0006H         SYMBOL        j
  -------         ENDDO         
  C:0402H         LINE#         10
  C:0402H         LINE#         11
  C:0402H         LINE#         14
  C:0403H         LINE#         15
  C:0404H         LINE#         16
  C:0405H         LINE#         17
  C:0407H         LINE#         18
  C:0409H         LINE#         20
  C:0409H         LINE#         21
  C:040BH         LINE#         22
  C:040DH         LINE#         23
  -------         ENDPROC       DELAY1MS
  -------         PROC          _DELAY_US
  D:0006H         SYMBOL        s
  C:03F2H         LINE#         25
  C:03F2H         LINE#         26
  C:03F2H         LINE#         27
  C:03FCH         LINE#         28
  C:03FCH         LINE#         29
  C:03FFH         LINE#         30
  C:0401H         LINE#         31
  -------         ENDPROC       _DELAY_US
  -------         PROC          _DELAY_MS
  D:0004H         SYMBOL        s
  C:03BCH         LINE#         33
  C:03C0H         LINE#         34
  C:03C0H         LINE#         35
  C:03CAH         LINE#         36
  C:03CAH         LINE#         37
  C:03CDH         LINE#         38
  C:03CFH         LINE#         39
  -------         ENDPROC       _DELAY_MS
BL51 BANKED LINKER/LOCATER V6.22                                                      04/14/2018  23:26:32  PAGE 8


  -------         PROC          DELAY40US
  -------         DO            
  D:0007H         SYMBOL        i
  -------         ENDDO         
  C:0423H         LINE#         41
  C:0423H         LINE#         42
  C:0423H         LINE#         45
  C:0425H         LINE#         46
  C:0427H         LINE#         47
  -------         ENDPROC       DELAY40US
  -------         ENDMOD        DELAY

  -------         MODULE        ?C?CSTPTR
  C:01CCH         PUBLIC        ?C?CSTPTR
  -------         ENDMOD        ?C?CSTPTR

  -------         MODULE        ?C?CSTOPTR
  C:01DEH         PUBLIC        ?C?CSTOPTR
  -------         ENDMOD        ?C?CSTOPTR

  -------         MODULE        ?C?SIDIV
  C:0200H         PUBLIC        ?C?SIDIV
  -------         ENDMOD        ?C?SIDIV

  -------         MODULE        ?C?LLDIIDATA
  C:023FH         PUBLIC        ?C?LLDIIDATA
  C:0236H         PUBLIC        ?C?LLDIIDATA1
  C:0238H         PUBLIC        ?C?LLDIIDATA8
  -------         ENDMOD        ?C?LLDIIDATA

  -------         MODULE        ?C?UIDIV
  C:0256H         PUBLIC        ?C?UIDIV
  -------         ENDMOD        ?C?UIDIV

*** WARNING L16: UNCALLED SEGMENT, IGNORED FOR OVERLAY PROCESS
    SEGMENT: ?PR?DHT11_INIT?DHT11

Program Size: data=41.0 xdata=0 code=1068
LINK/LOCATE RUN COMPLETE.  1 WARNING(S),  0 ERROR(S)
